package goer

// Goer is someone who goes to parties
type Goer struct {
	closer
	Name string
}

// Write implements Writer
func (*Goer) Write(p []byte) (n int, err error) {
	panic("unimplemented")
}

type closer struct{}

func (c *closer) Close() error {
	return nil
}
